// Jest Snapshot v1, https://goo.gl/fbAQLP

exports[`Component should show 'red' text 'Hello World' 1`] = `
<div
  style={
    Object {
      "color": "red",
    }
  }
>
  <div>
    <h1>
      About to begin... 
      World
    </h1>
  </div>
</div>
`;
